// Vitest Snapshot v1, https://vitest.dev/guide/snapshot.html

exports[`runWorkflow > should run workflow within step execution 1`] = `
[MockFunction log] {
  "calls": [
    [
      "  Running workflow test.yaml / test",
    ],
  ],
  "results": [
    {
      "type": "return",
      "value": undefined,
    },
  ],
}
`;
