// Vitest Snapshot v1, https://vitest.dev/guide/snapshot.html

exports[`runStep > should run step and display checks 1`] = `
[MockFunction spy] {
  "calls": [
    [
      "GET http://localhost:3000/bird - step get-bird",
      [
        {
          "message": "",
          "name": "status code check",
          "passed": true,
          "severity": "error",
        },
        {
          "message": "",
          "name": "content-type check",
          "passed": true,
          "severity": "error",
        },
      ],
      undefined,
      undefined,
    ],
  ],
  "results": [
    {
      "type": "return",
      "value": undefined,
    },
  ],
}
`;
